enum Foo {
  case <base>first</base>(<callarg index=0>associated</callarg><callcolon index=0>: </callcolon>Int)
  case second
}

func test() {
  let _ = Foo.<base>first</base>(<callarg index=0>associated</callarg><callcolon index=0>: </callcolon>1)
  let _ = Foo.<base>first</base>
  let _ = Foo.second
}


